Analyzing space_escaper...

  error - test\widget_test.dart:16:35 - The name 'MyApp' isn't a class. Try correcting the name to match an existing class. - creation_with_non_type
warning - lib\game\components\coin_spawner.dart:57:8 - This method overrides a method annotated as '@mustCallSuper' in 'CollisionCallbacks', but doesn't invoke the overridden method. - must_call_super
warning - lib\game\components\obstacle_spawner.dart:83:8 - This method overrides a method annotated as '@mustCallSuper' in 'CollisionCallbacks', but doesn't invoke the overridden method. - must_call_super
warning - lib\main.dart:4:8 - Unused import: 'package:shared_preferences/shared_preferences.dart'. Try removing the import directive. - unused_import
warning - lib\main.dart:5:8 - Unused import: 'game/space_escaper_game.dart'. Try removing the import directive. - unused_import
   info - lib\game\components\coin_spawner.dart:2:8 - The import of 'dart:ui' is unnecessary because all of the used elements are also provided by the import of 'package:flutter/material.dart'. Try removing the import directive. - unnecessary_import
   info - lib\game\components\coin_spawner.dart:57:38 - The parameter name 'points' doesn't match the name 'intersectionPoints' in the overridden method. Try changing the name to 'intersectionPoints'. - avoid_renaming_method_parameters
   info - lib\game\components\obstacle_spawner.dart:83:38 - The parameter name 'points' doesn't match the name 'intersectionPoints' in the overridden method. Try changing the name to 'intersectionPoints'. - avoid_renaming_method_parameters
   info - lib\game\components\physics_system.dart:2:8 - The import of 'dart:ui' is unnecessary because all of the used elements are also provided by the import of 'package:flutter/material.dart'. Try removing the import directive. - unnecessary_import
   info - lib\game\components\player_component.dart:2:8 - The import of 'dart:ui' is unnecessary because all of the used elements are also provided by the import of 'package:flutter/material.dart'. Try removing the import directive. - unnecessary_import
   info - lib\game\components\starfield_background.dart:2:8 - The import of 'dart:ui' is unnecessary because all of the used elements are also provided by the import of 'package:flutter/material.dart'. Try removing the import directive. - unnecessary_import
   info - lib\game\components\starfield_background.dart:82:34 - Statements in a for should be enclosed in a block. Try wrapping the statement in a block. - curly_braces_in_flow_control_structures
   info - lib\game\components\starfield_background.dart:83:34 - Statements in a for should be enclosed in a block. Try wrapping the statement in a block. - curly_braces_in_flow_control_structures
   info - lib\game\components\starfield_background.dart:84:34 - Statements in a for should be enclosed in a block. Try wrapping the statement in a block. - curly_braces_in_flow_control_structures
   info - lib\game\components\starfield_background.dart:85:33 - Statements in a for should be enclosed in a block. Try wrapping the statement in a block. - curly_braces_in_flow_control_structures
   info - lib\game\space_escaper_game.dart:2:8 - The import of 'package:flame/components.dart' is unnecessary because all of the used elements are also provided by the import of 'package:flame/game.dart'. Try removing the import directive. - unnecessary_import
   info - lib\screens\settings_screen.dart:157:13 - 'activeColor' is deprecated and shouldn't be used. Use activeThumbColor instead. This feature was deprecated after v3.31.0-2.0.pre. Try replacing the use of the deprecated member with the replacement. - deprecated_member_use

17 issues found.
